// Jest Snapshot v1, https://goo.gl/fbAQLP

exports[`<MapAdminPage/> should render 1`] = `
<div
  className="box box-primary container-fluid"
>
  <div
    className="box-header"
  >
    <h3
      className="box-title"
    >
      <FormattedMessage
        id="customize"
        values={Object {}}
      />
    </h3>
  </div>
  <div
    className="box-content"
  >
    <ReactRelayQueryRenderer
      environment={"RelayModernEnvironment()"}
      query={
        Object {
          "default": Object {
            "fragment": Object {
              "abstractKey": null,
              "argumentDefinitions": Array [
                Object {
                  "defaultValue": null,
                  "kind": "LocalArgument",
                  "name": "provider",
                },
              ],
              "kind": "Fragment",
              "metadata": null,
              "name": "MapAdminPageQuery",
              "selections": Array [
                Object {
                  "alias": null,
                  "args": Array [
                    Object {
                      "kind": "Literal",
                      "name": "includeDefault",
                      "value": false,
                    },
                    Object {
                      "kind": "Variable",
                      "name": "provider",
                      "variableName": "provider",
                    },
                  ],
                  "concreteType": "MapToken",
                  "kind": "LinkedField",
                  "name": "mapToken",
                  "plural": false,
                  "selections": Array [
                    Object {
                      "args": null,
                      "kind": "FragmentSpread",
                      "name": "MapboxAdminConfig_mapToken",
                    },
                  ],
                  "storageKey": null,
                },
              ],
              "type": "Query",
            },
            "hash": "697628a7acbf7e49cb1087504139263e",
            "kind": "Request",
            "operation": Object {
              "argumentDefinitions": Array [
                Object {
                  "defaultValue": null,
                  "kind": "LocalArgument",
                  "name": "provider",
                },
              ],
              "kind": "Operation",
              "name": "MapAdminPageQuery",
              "selections": Array [
                Object {
                  "alias": null,
                  "args": Array [
                    Object {
                      "kind": "Literal",
                      "name": "includeDefault",
                      "value": false,
                    },
                    Object {
                      "kind": "Variable",
                      "name": "provider",
                      "variableName": "provider",
                    },
                  ],
                  "concreteType": "MapToken",
                  "kind": "LinkedField",
                  "name": "mapToken",
                  "plural": false,
                  "selections": Array [
                    Object {
                      "alias": null,
                      "args": null,
                      "kind": "ScalarField",
                      "name": "id",
                      "storageKey": null,
                    },
                    Object {
                      "alias": null,
                      "args": null,
                      "kind": "ScalarField",
                      "name": "publicToken",
                      "storageKey": null,
                    },
                    Object {
                      "alias": null,
                      "args": null,
                      "kind": "ScalarField",
                      "name": "secretToken",
                      "storageKey": null,
                    },
                    Object {
                      "alias": null,
                      "args": null,
                      "kind": "ScalarField",
                      "name": "provider",
                      "storageKey": null,
                    },
                    Object {
                      "alias": null,
                      "args": null,
                      "kind": "ScalarField",
                      "name": "styleOwner",
                      "storageKey": null,
                    },
                    Object {
                      "alias": null,
                      "args": null,
                      "kind": "ScalarField",
                      "name": "styleId",
                      "storageKey": null,
                    },
                    Object {
                      "alias": null,
                      "args": null,
                      "concreteType": "MapTokenStyle",
                      "kind": "LinkedField",
                      "name": "styles",
                      "plural": true,
                      "selections": Array [
                        Object {
                          "alias": null,
                          "args": null,
                          "kind": "ScalarField",
                          "name": "id",
                          "storageKey": null,
                        },
                        Object {
                          "alias": null,
                          "args": null,
                          "kind": "ScalarField",
                          "name": "owner",
                          "storageKey": null,
                        },
                        Object {
                          "alias": null,
                          "args": null,
                          "kind": "ScalarField",
                          "name": "name",
                          "storageKey": null,
                        },
                        Object {
                          "alias": null,
                          "args": null,
                          "kind": "ScalarField",
                          "name": "previewUrl",
                          "storageKey": null,
                        },
                        Object {
                          "alias": null,
                          "args": null,
                          "kind": "ScalarField",
                          "name": "createdAt",
                          "storageKey": null,
                        },
                        Object {
                          "alias": null,
                          "args": null,
                          "kind": "ScalarField",
                          "name": "updatedAt",
                          "storageKey": null,
                        },
                        Object {
                          "alias": null,
                          "args": null,
                          "kind": "ScalarField",
                          "name": "isCurrent",
                          "storageKey": null,
                        },
                      ],
                      "storageKey": null,
                    },
                  ],
                  "storageKey": null,
                },
              ],
            },
            "params": Object {
              "cacheID": "e960c6d61e151ea0b4e57def543dbcdb",
              "id": null,
              "metadata": Object {},
              "name": "MapAdminPageQuery",
              "operationKind": "query",
              "text": "query MapAdminPageQuery(
  $provider: MapTokenProvider!
) {
  mapToken(provider: $provider, includeDefault: false) {
    ...MapboxAdminConfig_mapToken
    id
  }
}

fragment MapboxAdminConfig_mapToken on MapToken {
  id
  publicToken
  secretToken
  provider
  styleOwner
  styleId
  styles {
    id
    owner
    name
    previewUrl
    createdAt
    updatedAt
    isCurrent
  }
}
",
            },
          },
        }
      }
      render={[Function]}
      variables={
        Object {
          "provider": "MAPBOX",
        }
      }
    />
  </div>
</div>
`;
