// Jest Snapshot v1, https://goo.gl/fbAQLP

exports[`<ModalModerateArgumentMobile /> should renders correcty with argument 1`] = `
Array [
  <button
    aria-controls="id-g"
    aria-describedby="id-g"
    aria-expanded="false"
    aria-haspopup="dialog"
    aria-label=""
    class="sc-bcXGCL jyDhQK cap-buttonQuickAction"
    tabindex="0"
    type="button"
  >
    <svg
      class="sc-bcXGCL sc-eJDTud dZTWzR dxHlFh cap-icon"
      fill="currentColor"
      viewBox="0 0 12 12"
      xmlns="http://www.w3.org/2000/svg"
    >
      <path
        d="M1.25 10.5h3.998a.5.5 0 00.5-.5v-.75a.75.75 0 00-.75-.749H1.5a.75.75 0 00-.75.75V10a.5.5 0 00.5.5zM11.247 9a.812.812 0 000-1.167L7.84 4.768a.125.125 0 01-.005-.181l.881-.882a.125.125 0 01.164-.012.75.75 0 00.98-1.13L7.52.223a.75.75 0 00-1.131.98.124.124 0 01-.012.163L3.611 4.132a.125.125 0 01-.163.012.75.75 0 00-.98 1.13l2.34 2.34a.75.75 0 001.131-.98.124.124 0 01.012-.162l.882-.882a.125.125 0 01.181.005L10.081 9a.812.812 0 001.166 0zM5.998 11H.5a.5.5 0 000 1h5.498a.5.5 0 000-1z"
      />
    </svg>
  </button>,
  <div
    class="cap-tooltip-container"
    hidden=""
    id="id-g"
    role="tooltip"
    style="display:none;position:fixed;left:100%;top:100%;z-index:1800;pointer-events:none"
  />,
  <div
    aria-label="global.report.submit"
    aria-modal="true"
    data-dialog="true"
    hidden=""
    id="id-g"
    role="dialog"
    style="display:none"
    tabindex="-1"
  />,
]
`;
