// Jest Snapshot v1, https://goo.gl/fbAQLP

exports[`<ModalDeleteArgumentMobile /> should renders correcty with argument 1`] = `
<Modal
  alwaysOpenInPortal={true}
  ariaLabel="confirm-delete-argument"
  disclosure={
    <Button
      justifyContent="center"
      leftIcon="TRASH"
      variant="tertiary"
      variantColor="danger"
    >
      global.delete
    </Button>
  }
  hideCloseButton={true}
  onClose={[Function]}
  variantSize="xl"
>
  <Component />
</Modal>
`;
