// Jest Snapshot v1, https://goo.gl/fbAQLP

exports[`User.awaitingOrRefusedEvents connection fetches a user's event in awaiting or refused review status: user1 1`] = `
Object {
  "node": Object {
    "awaitingOrRefusedEvents": Object {
      "edges": Array [],
      "pageInfo": Object {
        "endCursor": null,
        "hasNextPage": false,
      },
      "totalCount": 0,
    },
  },
}
`;

exports[`User.awaitingOrRefusedEvents connection fetches a user's event in awaiting or refused review status: user2 1`] = `
Object {
  "node": Object {
    "awaitingOrRefusedEvents": Object {
      "edges": Array [],
      "pageInfo": Object {
        "endCursor": null,
        "hasNextPage": false,
      },
      "totalCount": 0,
    },
  },
}
`;

exports[`User.awaitingOrRefusedEvents connection fetches a user's event in awaiting or refused review status: user3 1`] = `
Object {
  "node": Object {
    "awaitingOrRefusedEvents": Object {
      "edges": Array [],
      "pageInfo": Object {
        "endCursor": null,
        "hasNextPage": false,
      },
      "totalCount": 0,
    },
  },
}
`;

exports[`User.awaitingOrRefusedEvents connection fetches a user's event in awaiting or refused review status: user5 1`] = `
Object {
  "node": Object {
    "awaitingOrRefusedEvents": Object {
      "edges": Array [
        Object {
          "cursor": "YXJyYXljb25uZWN0aW9uOjA=",
          "node": Object {
            "id": "RXZlbnQ6ZXZlbnRDcmVhdGVCeUFVc2VyUmV2aWV3QXdhaXRpbmc=",
            "review": Object {
              "status": "AWAITING",
            },
            "timeRange": Object {
              "endAt": null,
              "startAt": "2027-01-14 00:00:00",
            },
            "title": "event Create By user with review in awaiting",
          },
        },
        Object {
          "cursor": "YXJyYXljb25uZWN0aW9uOjE=",
          "node": Object {
            "id": "RXZlbnQ6ZXZlbnRDcmVhdGVCeUFVc2VyUmV2aWV3UmVmdXNlZA==",
            "review": Object {
              "status": "REFUSED",
            },
            "timeRange": Object {
              "endAt": null,
              "startAt": "2027-06-14 00:00:00",
            },
            "title": "event Create By user with review refused",
          },
        },
        Object {
          "cursor": "YXJyYXljb25uZWN0aW9uOjI=",
          "node": Object {
            "id": "RXZlbnQ6ZXZlbnRSZXZpZXdSZWZ1c2VkV2l0aG91dENvbW1lbnQ=",
            "review": Object {
              "status": "REFUSED",
            },
            "timeRange": Object {
              "endAt": null,
              "startAt": "2027-06-14 00:00:00",
            },
            "title": "evenement refus√©, sans commentaire",
          },
        },
      ],
      "pageInfo": Object {
        "endCursor": "YXJyYXljb25uZWN0aW9uOjI=",
        "hasNextPage": false,
      },
      "totalCount": 3,
    },
  },
}
`;

exports[`User.awaitingOrRefusedEvents connection fetches a user's event in awaiting or refused review status: userAdmin 1`] = `
Object {
  "node": Object {
    "awaitingOrRefusedEvents": Object {
      "edges": Array [],
      "pageInfo": Object {
        "endCursor": null,
        "hasNextPage": false,
      },
      "totalCount": 0,
    },
  },
}
`;
