// Jest Snapshot v1, https://goo.gl/fbAQLP

exports[`<ArgumentCreate /> renders correctly 1`] = `
<div
  className="opinion__body box"
>
  <div
    className="opinion__data"
    style={
      Object {
        "overflow": "visible",
      }
    }
  >
    <form
      id="argument-form--FOR"
    >
      <Field
        component={[Function]}
        disabled={false}
        id="arguments-body-FOR"
        label={
          <FormattedMessage
            id="argument.yes.add"
            values={Object {}}
          />
        }
        labelClassName="sr-only"
        name="body"
        placeholder="argument.yes.add"
        rows={2}
        type="textarea"
      />
      <Button
        active={false}
        aria-label="argument.publication.email.button"
        block={false}
        bsClass="btn"
        bsStyle="primary"
        disabled={false}
        onClick={[Function]}
      >
        <FormattedMessage
          id="global.send"
          values={Object {}}
        />
      </Button>
    </form>
  </div>
</div>
`;
