id,published,published_at,author,author_id,author_email,phone,created_at,updated_at,anonymous,draft,undraft_at,account,noAccount_email,noAccount_email_isConfirmed,internalComm,"Hap ou Noel ?","Votre fleuve préféré","Comme tu as choisi Hap et le Gange, je t'affiche cette question (dsl jui pas inspiré)","Par qui Hap a t-il été créé ?","Hap est-il un homme bon ?","Comment ça ce n'est pas un homme bon, comment oses-tu ?","Noel a t-il un rapport avec la fête de Noël ?","De quelle couleur est le chapeau de Noël ?","Plutôt Marvel ou DC ?","T'aimes bien Superman ?","T'aimes bien Batman ?","T'aimes bien Supergirl ?","T'aimes bien Iron Man ?","T'aimes bien Luke Cage ?","T'aimes bien Thor ?","C'est la fin mais j'affiche quand même des choix"
