id,published_at,author_id,account,"Comment ca va 1"
replyQuestionnaireAnon,"2016-03-02 00:00:00",user1,Yes,
replyAnonymous1,"2016-03-01 00:00:00",,No,bien
replyAnonymous2,"2017-03-01 00:00:00",,No,"bien bien bien"
