export_contribution_id,export_contribution_published_at,export_contribution_author_id
