export_contribution_id,export_contribution_published_at,export_contribution_author_id
replyAdmin,"2019-03-20 00:00:00",userAdmin
