// Jest Snapshot v1, https://goo.gl/fbAQLP

exports[`<ResetPasswordForm /> should render correctly 1`] = `
<ResetPasswordForm__Container>
  <form
    className="reset-password-form"
    onSubmit={[MockFunction]}
  >
    <Uncontrolled(Panel)>
      <PanelBody
        bsClass="panel"
        collapsible={false}
      >
        <div
          className="flex-column ml-10 mr-10"
        >
          <label
            htmlFor="password-form-new"
          >
            <FormattedMessage
              id="change_password.form.password"
              values={Object {}}
            />
          </label>
          <Connect(UserPasswordField)
            formName="recreate_password_form"
            id="password-form-new"
            name="new_password"
          />
          <label
            htmlFor="password-form-confirmation"
          >
            <FormattedMessage
              id="change_password.form.password_confirmation"
              values={Object {}}
            />
          </label>
          <Field
            component={[Function]}
            id="password-form-confirmation"
            name="new_password_confirmation"
            type="password"
          />
          <Connect(SubmitButton)
            bsStyle="success"
            disabled={true}
            id="reset-content-confirm"
            isSubmitting={false}
            label="global.confirm"
            onSubmit={[Function]}
          />
        </div>
      </PanelBody>
    </Uncontrolled(Panel)>
  </form>
</ResetPasswordForm__Container>
`;
