// Jest Snapshot v1, https://goo.gl/fbAQLP

exports[`<ConsultationPlanItem /> renders correcty 1`] = `
<button
  className="level--0 btn-link"
  onClick={[Function]}
  type="button"
>
  title
</button>
`;
