// Jest Snapshot v1, https://goo.gl/fbAQLP

exports[`<SectionRecursiveList /> renders correcty 1`] = `
<div>
  <Relay(UnpublishedOpinionList)
    consultation={
      Object {
        " $fragmentRefs": null,
        " $refType": null,
        "id": "consultation",
        "sections": Array [
          Object {
            " $fragmentRefs": null,
            "sections": Array [],
          },
          Object {
            " $fragmentRefs": null,
            "sections": Array [],
          },
        ],
      }
    }
  />
  <SectionList
    consultation={
      Object {
        " $fragmentRefs": null,
        " $refType": null,
        "id": "consultation",
        "sections": Array [
          Object {
            " $fragmentRefs": null,
            "sections": Array [],
          },
          Object {
            " $fragmentRefs": null,
            "sections": Array [],
          },
        ],
      }
    }
    hideEmptySection={false}
    key="0"
    level={0}
    section={
      Object {
        " $fragmentRefs": null,
        "sections": Array [],
      }
    }
  />
  <SectionList
    consultation={
      Object {
        " $fragmentRefs": null,
        " $refType": null,
        "id": "consultation",
        "sections": Array [
          Object {
            " $fragmentRefs": null,
            "sections": Array [],
          },
          Object {
            " $fragmentRefs": null,
            "sections": Array [],
          },
        ],
      }
    }
    hideEmptySection={false}
    key="1"
    level={0}
    section={
      Object {
        " $fragmentRefs": null,
        "sections": Array [],
      }
    }
  />
</div>
`;
