// Jest Snapshot v1, https://goo.gl/fbAQLP

exports[`mutations.createEvent should update slug 1`] = `
Object {
  "updateProjectSlug": Object {
    "errorCode": null,
    "project": Object {
      "slug": "toto-1234-eeea",
      "url": "https://capco.test/project/toto-1234-eeea/presentation/presentation-1",
    },
  },
}
`;
