title,timeRange_startAt,timeRange_endAt,themes_title,projects_title,commentable,createdAt,updatedAt,body,link,address,zipCode,city,country
"Event with registrations","2032-03-01 00:00:00","2032-03-10 00:00:00",,,1,"2015-01-01 00:00:00",,"<i>L’exactitude des informations ci-dessous relève uniquement de la responsabilité de l’organisateur de l’évènement“</i> <h2>Objet</h2> exprimer et échanger sur les réformes qui vous semblent nécessaires <h2>Public attendu</h2> Cet événement est ouvert au public dans la limite de 30 participants, sans inscription. Pour participer, rendez-vous à l’heure dite et au lieu indiqué.",,"111 Avenue Clémenceau",,Lyon,
"Remobiliser ses collaborateurs par l’intelligence collective mode d’emploi","2030-11-11 00:00:00","2030-11-13 00:00:00",,,1,"2015-01-10 00:00:00",,"Comment favoriser le retour des équipes dans de bonnes conditions ? Comment adapter l'organisation du travail à une nouvelle réalité ?  Comment re-créer l\’engagement autour du projet et de la mission de l’entreprise ? Comment tirer les enseignements des mois de confinement pour identifier les forces et faiblesses de son organisation ? Face à autant d’inconnues, dans un contexte inédit où nul expert ne peut prétendre détenir la vérité, la réponse ne peut être que collective. Depuis 2014, à Cap Collectif, nous accompagnons les entreprises dans la construction de leurs démarches d’intelligence collective afin de faire émerger les meilleures solutions à des problématiques données et  développer la confiance et l’engagement au sein des organisations. Au travers de ce webinar, nous souhaitons partager avec vous notre méthodologie de sortie de crise par le collectif capable de répondre aux enjeux actuels.",,,,,
"event Create By user with review refused","2027-06-14 00:00:00",,,,1,"2015-06-14 00:00:00",,"User 5 is my author",http://www.lavie.fr,,,,
"evenement refusé, sans commentaire","2027-06-14 00:00:00",,,,1,"2015-06-14 00:00:00",,"je suis refusé sans commentaire",,,,,
"event Create By user with review approved","2027-04-14 00:00:00",,,,1,"2015-04-14 00:00:00",,"User 5 is my author",http://www.lavie.fr,,,,
"event Create By user with review in awaiting","2027-01-14 00:00:00",,,,1,"2015-01-14 00:00:00",,"User 5 is my author",http://www.lavie.fr,,,,
ParisWeb2014,"2014-02-11 00:00:00","2014-02-12 00:00:00",,,1,"2015-01-05 00:00:00",,"Paris Web, la conférence francophone des gens qui font un web accessible et de qualité.",http://www.parisweb2014.fr,"101 rue d'Angers",69007,Lyon,
