// Jest Snapshot v1, https://goo.gl/fbAQLP

exports[`<ProposalListSearch /> should render correctly 1`] = `
<form
  style={
    Object {
      "marginBottom": "15px",
    }
  }
>
  <ClearableInput
    ariaLabel="global.menu.search"
    autoFocus={false}
    icon={
      <i
        className="cap cap-magnifier"
      />
    }
    id="proposal-search-input"
    initialValue="This is some terms"
    name="search"
    onChange={[Function]}
    onClear={[Function]}
    placeholder="proposal.search"
    type="text"
  />
</form>
`;
