// Jest Snapshot v1, https://goo.gl/fbAQLP

exports[`<OpinionEditForm /> renders a form 1`] = `
<form
  id="opinion-edit-form"
  onSubmit={[MockFunction]}
>
  <Field
    component={[Function]}
    divClassName="alert alert-warning edit-confirm-alert"
    id="opinion_check"
    name="check"
    type="checkbox"
    wrapperClassName="checkbox"
  >
    <FormattedMessage
      id="opinion.edit_check"
      values={Object {}}
    />
  </Field>
  <Field
    autoFocus={true}
    component={[Function]}
    help="titleHelpText"
    id="opinion_title"
    label={
      <FormattedMessage
        id="opinion.title"
        values={Object {}}
      />
    }
    name="title"
    type="text"
  />
  <Field
    autoFocus={true}
    component={[Function]}
    help="descriptionHelpText"
    id="opinion_body"
    label={
      <FormattedMessage
        id="opinion.body"
        values={Object {}}
      />
    }
    name="body"
    type="editor-ds"
  />
  <Field
    component={[Function]}
    id="opinion_appendix-1"
    key="0"
    label="Exposé des motifs"
    name="Exposé des motifs"
    type="editor-ds"
  />
</form>
`;
