// Jest Snapshot v1, https://goo.gl/fbAQLP

exports[`<DebateStepPageNotYetStarted /> should render when step is future 1`] = `
<div
  className="sc-bdnxRM"
  id="DebateStepPageNotYetStarted"
>
  <div
    className="sc-bdnxRM cefOPV"
  >
    <div
      className="sc-bdnxRM zqsiY sc-fXazdy hCrgT cap-tag"
      title=""
    >
      count.daysUntil {"count":725}
    </div>
    <h2
      className="sc-bdnxRM kYuusp cap-heading"
    >
      &lt;mock-value-for-field-"title"&gt;
    </h2>
  </div>
</div>
`;
