// Jest Snapshot v1, https://goo.gl/fbAQLP

exports[`<ProposalDraftAlert /> should not render draft alert 1`] = `""`;

exports[`<ProposalDraftAlert /> should render draft alert 1`] = `
<ProposalDraftAlert___StyledInfoMessage
  maxWidth={950}
  ml="auto"
  mr="auto"
  variant="warning"
  width="100%"
>
  <InfoMessage.Title
    fontSize={1}
    fontWeight={400}
    withIcon={true}
  >
    proposal.draft.explain
  </InfoMessage.Title>
</ProposalDraftAlert___StyledInfoMessage>
`;
